../src/DrawLine.c:71:6:GPIOinitOut	16	static
../src/DrawLine.c:91:6:GPIOinitIn	16	static
../src/DrawLine.c:111:6:setGPIO	16	static
../src/DrawLine.c:126:6:clearGPIO	16	static
../src/DrawLine.c:140:6:led_init	8	static
../src/DrawLine.c:150:6:spiwrite	24	static
../src/DrawLine.c:168:6:writecommand	16	static
../src/DrawLine.c:177:6:writedata	16	static
../src/DrawLine.c:186:6:writeword	24	static
../src/DrawLine.c:201:6:write888	24	static
../src/DrawLine.c:224:6:setAddrWindow	24	static
../src/DrawLine.c:239:6:fillrect	32	static
../src/DrawLine.c:256:6:lcddelay	24	static
../src/DrawLine.c:269:6:lcd_init	16	static
../src/DrawLine.c:312:6:drawPixel	16	static
../src/DrawLine.c:345:6:drawLine	40	static
../src/DrawLine.c:415:5:round	24	static
../src/DrawLine.c:432:6:square_rotate	56	static
../src/DrawLine.c:466:5:rand_num	24	static
../src/DrawLine.c:472:5:rand_color	16	static
../src/DrawLine.c:520:25:world_to_viewer_coord	120	static
../src/DrawLine.c:542:6:draw_coordinates	72	static
../src/DrawLine.c:564:6:draw_HorizontalLine	40	static
../src/DrawLine.c:569:6:fill_Triangle	56	static
../src/DrawLine.c:616:6:draw_cube	120	static
../src/DrawLine.c:664:5:create	32	static
../src/DrawLine.c:672:8:calculate_intensity	48	static
../src/DrawLine.c:681:6:drawLineDDA	72	static
../src/DrawLine.c:712:6:diffused_reflection	216	static
../src/DrawLine.c:802:6:shadow	168	static
../src/DrawLine.c:854:6:draw_K	208	static
../src/DrawLine.c:898:6:square_rotate_3D	104	static
../src/DrawLine.c:944:7:rotate_point	64	static
../src/DrawLine.c:962:6:tree_branch_3D	104	static
../src/DrawLine.c:993:6:tree_stem_3D	56	static
../src/DrawLine.c:1006:5:main	296	static
