../src/Rotating_Squares.c:69:6:GPIOinitOut	16	static
../src/Rotating_Squares.c:89:6:GPIOinitIn	16	static
../src/Rotating_Squares.c:109:6:setGPIO	16	static
../src/Rotating_Squares.c:124:6:clearGPIO	16	static
../src/Rotating_Squares.c:138:6:led_init	8	static
../src/Rotating_Squares.c:148:6:spiwrite	24	static
../src/Rotating_Squares.c:166:6:writecommand	16	static
../src/Rotating_Squares.c:178:6:writedata	16	static
../src/Rotating_Squares.c:190:6:writeword	24	static
../src/Rotating_Squares.c:208:6:write888	24	static
../src/Rotating_Squares.c:236:6:setAddrWindow	24	static
../src/Rotating_Squares.c:255:6:fillrect	32	static
../src/Rotating_Squares.c:277:6:lcddelay	24	static
../src/Rotating_Squares.c:291:6:lcd_init	16	static
../src/Rotating_Squares.c:335:6:drawPixel	16	static
../src/Rotating_Squares.c:369:6:drawLine	40	static
../src/Rotating_Squares.c:448:6:square_rotate	56	static
../src/Rotating_Squares.c:482:6:draw_tree	80	static
../src/Rotating_Squares.c:519:5:rand_num	24	static
../src/Rotating_Squares.c:525:5:rand_color	16	static
../src/Rotating_Squares.c:563:5:main	88	static
